// Jest Snapshot v1, https://goo.gl/fbAQLP

exports[`Testing for <GifItem /> should be matched with the snapshot 1`] = `
<div>
  <div
    class="group relative shadow-lg"
  >
    <div
      class="aspect-h-1 aspect-w-1 w-full overflow-hidden rounded-md bg-gray-200 lg:aspect-none group-hover:opacity-75 lg:h-80 "
    >
      <img
        alt="A title"
        class="h-full w-full object-cover object-center lg:h-full lg:w-full"
        src="https://localhost/image.jpg"
      />
    </div>
    <div
      class="mt-4 flex justify-between"
    >
      <div>
        <h3
          class="text-sm text-gray-700 pl-2 "
        >
          <a
            href="#"
          >
            <span
              aria-hidden="true"
              class="absolute inset-0"
            />
            A title
          </a>
        </h3>
      </div>
    </div>
    <div
      class="mt-4 flex justify-between"
    />
  </div>
</div>
`;
